> Task :app:checkKotlinGradlePluginConfigurationErrors SKIPPED
> Task :app:preBuild UP-TO-DATE
> Task :app:preDebugBuild UP-TO-DATE
> Task :shared:androidPreBuild UP-TO-DATE
> Task :shared:preAndroidMainBuild UP-TO-DATE
> Task :shared:writeAndroidMainAarMetadata UP-TO-DATE
> Task :app:checkDebugAarMetadata UP-TO-DATE
> Task :shared:generateAndroidMainEmptyResourceFiles UP-TO-DATE
> Task :app:processDebugNavigationResources UP-TO-DATE
> Task :app:compileDebugNavigationResources UP-TO-DATE
> Task :app:generateDebugResValues UP-TO-DATE
> Task :app:mapDebugSourceSetPaths UP-TO-DATE
> Task :app:generateDebugResources UP-TO-DATE
> Task :app:mergeDebugResources UP-TO-DATE
> Task :app:packageDebugResources UP-TO-DATE
> Task :app:parseDebugLocalResources UP-TO-DATE
> Task :app:createDebugCompatibleScreenManifests UP-TO-DATE
> Task :app:extractDeepLinksDebug UP-TO-DATE
> Task :shared:processAndroidMainManifest UP-TO-DATE
> Task :app:processDebugMainManifest
> Task :app:processDebugManifest
> Task :shared:checkKotlinGradlePluginConfigurationErrors SKIPPED
> Task :shared:generateCommonMainAstrojournalDatabaseInterface UP-TO-DATE
> Task :app:javaPreCompileDebug UP-TO-DATE
> Task :app:processDebugManifestForPackage
> Task :app:preDebugUnitTestBuild UP-TO-DATE
> Task :app:javaPreCompileDebugUnitTest
> Task :app:processDebugResources

> Task :shared:compileAndroidMain
w: file:///D:/Users/Documentos/UNIR/SEGUNDO/Proyecto_intermodular/Repositorio_Astrojournal/app-tfc-astrojournal/shared/src/androidMain/kotlin/com/app/shared/data/db/DatabaseDriverFactory.kt:8:1 'expect'/'actual' classes (including interfaces, objects, annotations, enums, and 'actual' typealiases) are in Beta. You can use -Xexpect-actual-classes flag to suppress this warning. Also see: https://youtrack.jetbrains.com/issue/KT-61573
w: file:///D:/Users/Documentos/UNIR/SEGUNDO/Proyecto_intermodular/Repositorio_Astrojournal/app-tfc-astrojournal/shared/src/commonMain/kotlin/com/app/shared/data/db/DatabaseDriverFactory.kt:5:1 'expect'/'actual' classes (including interfaces, objects, annotations, enums, and 'actual' typealiases) are in Beta. You can use -Xexpect-actual-classes flag to suppress this warning. Also see: https://youtrack.jetbrains.com/issue/KT-61573

> Task :shared:processAndroidMainJavaRes UP-TO-DATE
> Task :shared:bundleAndroidMainClassesToCompileJar
> Task :shared:bundleAndroidMainClassesToRuntimeJar

> Task :app:compileDebugKotlin
w: file:///D:/Users/Documentos/UNIR/SEGUNDO/Proyecto_intermodular/Repositorio_Astrojournal/app-tfc-astrojournal/app/src/main/java/com/app/astrojournal/ui/components/BottomNavigationComponent.kt:107:43 'val Icons.Outlined.FormatListBulleted: ImageVector' is deprecated. Use the AutoMirrored version at Icons.AutoMirrored.Outlined.FormatListBulleted.
w: file:///D:/Users/Documentos/UNIR/SEGUNDO/Proyecto_intermodular/Repositorio_Astrojournal/app-tfc-astrojournal/app/src/main/java/com/app/astrojournal/ui/screens/SocialEventsScreen.kt:137:17 'fun TabRow(selectedTabIndex: Int, modifier: Modifier = ..., containerColor: Color = ..., contentColor: Color = ..., indicator: @Composable() ComposableFunction1<@ParameterName(...) List<TabPosition>, Unit> = ..., divider: @Composable() ComposableFunction0<Unit> = ..., tabs: @Composable() ComposableFunction0<Unit>): Unit' is deprecated. Replaced with PrimaryTabRow and SecondaryTabRow.
w: file:///D:/Users/Documentos/UNIR/SEGUNDO/Proyecto_intermodular/Repositorio_Astrojournal/app-tfc-astrojournal/app/src/main/java/com/app/astrojournal/ui/screens/SocialEventsScreen.kt:142:40 'fun Indicator(modifier: Modifier = ..., height: Dp = ..., color: Color = ...): Unit' is deprecated. Use SecondaryIndicator instead.
w: file:///D:/Users/Documentos/UNIR/SEGUNDO/Proyecto_intermodular/Repositorio_Astrojournal/app-tfc-astrojournal/app/src/main/java/com/app/astrojournal/ui/screens/SocialEventsScreen.kt:143:38 'fun Modifier.tabIndicatorOffset(currentTabPosition: TabPosition): Modifier' is deprecated. Solely for use alongside deprecated TabRowDefaults.Indicator method. For recommended PrimaryIndicator and SecondaryIndicator methods, please use TabIndicatorScope.tabIndicatorOffset method.
w: file:///D:/Users/Documentos/UNIR/SEGUNDO/Proyecto_intermodular/Repositorio_Astrojournal/app-tfc-astrojournal/app/src/main/java/com/app/astrojournal/ui/screens/SocialEventsScreen.kt:391:30 'fun Modifier.menuAnchor(): Modifier' is deprecated. Use overload that takes ExposedDropdownMenuAnchorType and enabled parameters.

> Task :app:compileDebugJavaWithJavac NO-SOURCE
> Task :app:processDebugJavaRes UP-TO-DATE
> Task :app:bundleDebugClassesToRuntimeJar
> Task :app:bundleDebugClassesToCompileJar
> Task :app:compileDebugUnitTestKotlin
> Task :app:compileDebugUnitTestJavaWithJavac NO-SOURCE
> Task :app:processDebugUnitTestJavaRes
> Task :app:testDebugUnitTest

BUILD SUCCESSFUL in 19s
32 actionable tasks: 14 executed, 18 up-to-date
